// Jest Snapshot v1, https://goo.gl/fbAQLP

exports[`GET BookStore/v1/Books Поиск книги по неправильному isbn 1`] = `
Object {
  "code": "1205",
  "message": "ISBN supplied is not available in Books Collection!",
}
`;

exports[`GET BookStore/v1/Books поиск книги 1`] = `
Object {
  "author": "Addy Osmani",
  "description": "With Learning JavaScript Design Patterns, you'll learn how to write beautiful, structured, and maintainable JavaScript by applying classical and modern design patterns to the language. If you want to keep your code efficient, more manageable, and up-to-da",
  "isbn": "9781449331818",
  "pages": 254,
  "publish_date": "2020-06-04T09:11:40.000Z",
  "publisher": "O'Reilly Media",
  "subTitle": "A JavaScript and jQuery Developer's Guide",
  "title": "Learning JavaScript Design Patterns",
  "website": "http://www.addyosmani.com/resources/essentialjsdesignpatterns/book/",
}
`;

exports[`bookStore Delete BookStore/v1/Books Удаление несуществующей связи 1`] = `
Object {
  "code": "1206",
  "message": "ISBN supplied is not available in User's Collection!",
}
`;
